Analyzing anti_clutter...

  error - lib\app\theme\app_theme.dart:48:18 - The argument type 'CardTheme' can't be assigned to the parameter type 'CardThemeData?'.  - argument_type_not_assignable
  error - lib\app\theme\app_theme.dart:100:18 - The argument type 'CardTheme' can't be assigned to the parameter type 'CardThemeData?'.  - argument_type_not_assignable
  error - lib\app\theme\app_typography.dart:40:44 - The method 'jetbrainsMono' isn't defined for the type 'GoogleFonts'. Try correcting the name to the name of an existing method, or defining a method named 'jetbrainsMono'. - undefined_method
  error - lib\features\analytics\views\widgets\stat_card.dart:27:70 - The getter 'side' isn't defined for the type 'ShapeBorder'. Try importing the library that defines 'side', correcting the name to the name of an existing getter, or defining a getter or field named 'side'. - undefined_getter
  error - lib\features\analytics\views\widgets\weekly_chart.dart:32:24 - The named parameter 'axisSide' is required, but there's no corresponding argument. Try adding the required argument. - missing_required_argument
  error - lib\features\analytics\views\widgets\weekly_chart.dart:32:50 - The named parameter 'meta' isn't defined. Try correcting the name to an existing named parameter's name, or defining a named parameter with the name 'meta'. - undefined_named_parameter
  error - lib\features\home\views\widgets\empty_state_widget.dart:3:8 - Target of URI doesn't exist: '../../../app/theme/app_typography.dart'. Try creating the file referenced by the URI, or try using a URI for a file that does exist. - uri_does_not_exist
  error - lib\features\home\views\widgets\empty_state_widget.dart:21:32 - Undefined name 'AppTypography'. Try correcting the name to one that is defined, or defining the name. - undefined_identifier
  error - lib\features\home\views\widgets\screenshot_card.dart:3:8 - Target of URI doesn't exist: '../../../domain/entities/screenshot_entity.dart'. Try creating the file referenced by the URI, or try using a URI for a file that does exist. - uri_does_not_exist
  error - lib\features\home\views\widgets\screenshot_card.dart:4:8 - Target of URI doesn't exist: '../../../app/theme/app_colors.dart'. Try creating the file referenced by the URI, or try using a URI for a file that does exist. - uri_does_not_exist
  error - lib\features\home\views\widgets\screenshot_card.dart:5:8 - Target of URI doesn't exist: '../../../app/theme/app_dimensions.dart'. Try creating the file referenced by the URI, or try using a URI for a file that does exist. - uri_does_not_exist
  error - lib\features\home\views\widgets\screenshot_card.dart:6:8 - Target of URI doesn't exist: '../../../app/theme/app_typography.dart'. Try creating the file referenced by the URI, or try using a URI for a file that does exist. - uri_does_not_exist
  error - lib\features\home\views\widgets\screenshot_card.dart:7:8 - Target of URI doesn't exist: '../../../core/utils/date_formatter.dart'. Try creating the file referenced by the URI, or try using a URI for a file that does exist. - uri_does_not_exist
  error - lib\features\home\views\widgets\screenshot_card.dart:8:8 - Target of URI doesn't exist: '../../../core/utils/file_utils.dart'. Try creating the file referenced by the URI, or try using a URI for a file that does exist. - uri_does_not_exist
  error - lib\features\home\views\widgets\screenshot_card.dart:12:9 - Undefined class 'ScreenshotEntity'. Try changing the name to the name of an existing class, or creating a class with the name 'ScreenshotEntity'. - undefined_class
  error - lib\features\home\views\widgets\screenshot_card.dart:62:47 - Undefined name 'AppDimensions'. Try correcting the name to one that is defined, or defining the name. - undefined_identifier
  error - lib\features\home\views\widgets\screenshot_card.dart:63:72 - The getter 'side' isn't defined for the type 'ShapeBorder'. Try importing the library that defines 'side', correcting the name to the name of an existing getter, or defining a getter or field named 'side'. - undefined_getter
  error - lib\features\home\views\widgets\screenshot_card.dart:70:80 - Invalid constant value. - invalid_constant
  error - lib\features\home\views\widgets\screenshot_card.dart:70:80 - Undefined name 'AppDimensions'. Try correcting the name to one that is defined, or defining the name. - undefined_identifier
  error - lib\features\home\views\widgets\screenshot_card.dart:85:21 - Undefined name 'DateFormatter'. Try correcting the name to one that is defined, or defining the name. - undefined_identifier
  error - lib\features\home\views\widgets\screenshot_card.dart:86:28 - Undefined name 'AppTypography'. Try correcting the name to one that is defined, or defining the name. - undefined_identifier
  error - lib\features\home\views\widgets\screenshot_card.dart:89:21 - Undefined name 'FileUtils'. Try correcting the name to one that is defined, or defining the name. - undefined_identifier
  error - lib\features\home\views\widgets\screenshot_card.dart:90:28 - Undefined name 'AppTypography'. Try correcting the name to one that is defined, or defining the name. - undefined_identifier
  error - lib\features\home\views\widgets\screenshot_card.dart:90:77 - Undefined name 'AppColors'. Try correcting the name to one that is defined, or defining the name. - undefined_identifier
  error - lib\features\home\views\widgets\screenshot_card.dart:100:46 - Undefined name 'AppColors'. Try correcting the name to one that is defined, or defining the name. - undefined_identifier
  error - lib\features\home\views\widgets\screenshot_card.dart:111:46 - Undefined name 'AppColors'. Try correcting the name to one that is defined, or defining the name. - undefined_identifier
  error - lib\features\home\views\widgets\stats_banner.dart:2:8 - Target of URI doesn't exist: '../../../app/theme/app_colors.dart'. Try creating the file referenced by the URI, or try using a URI for a file that does exist. - uri_does_not_exist
  error - lib\features\home\views\widgets\stats_banner.dart:3:8 - Target of URI doesn't exist: '../../../app/theme/app_dimensions.dart'. Try creating the file referenced by the URI, or try using a URI for a file that does exist. - uri_does_not_exist
  error - lib\features\home\views\widgets\stats_banner.dart:4:8 - Target of URI doesn't exist: '../../../app/theme/app_typography.dart'. Try creating the file referenced by the URI, or try using a URI for a file that does exist. - uri_does_not_exist
  error - lib\features\home\views\widgets\stats_banner.dart:5:8 - Target of URI doesn't exist: '../../../core/utils/file_utils.dart'. Try creating the file referenced by the URI, or try using a URI for a file that does exist. - uri_does_not_exist
  error - lib\features\home\views\widgets\stats_banner.dart:23:37 - Invalid constant value. - invalid_constant
  error - lib\features\home\views\widgets\stats_banner.dart:23:37 - Undefined name 'AppDimensions'. Try correcting the name to one that is defined, or defining the name. - undefined_identifier
  error - lib\features\home\views\widgets\stats_banner.dart:25:16 - Undefined name 'AppColors'. Try correcting the name to one that is defined, or defining the name. - undefined_identifier
  error - lib\features\home\views\widgets\stats_banner.dart:26:45 - Undefined name 'AppDimensions'. Try correcting the name to one that is defined, or defining the name. - undefined_identifier
  error - lib\features\home\views\widgets\stats_banner.dart:27:35 - Undefined name 'AppColors'. Try correcting the name to one that is defined, or defining the name. - undefined_identifier
  error - lib\features\home\views\widgets\stats_banner.dart:32:40 - Undefined name 'AppTypography'. Try correcting the name to one that is defined, or defining the name. - undefined_identifier
  error - lib\features\home\views\widgets\stats_banner.dart:38:48 - Undefined name 'FileUtils'. Try correcting the name to one that is defined, or defining the name. - undefined_identifier
  error - lib\features\home\views\widgets\stats_banner.dart:39:79 - Undefined name 'AppColors'. Try correcting the name to one that is defined, or defining the name. - undefined_identifier
  error - lib\features\home\views\widgets\stats_banner.dart:69:26 - Undefined name 'AppTypography'. Try correcting the name to one that is defined, or defining the name. - undefined_identifier
  error - lib\features\home\views\widgets\stats_banner.dart:69:92 - Undefined name 'AppColors'. Try correcting the name to one that is defined, or defining the name. - undefined_identifier
  error - lib\features\home\views\widgets\stats_banner.dart:76:28 - Undefined name 'AppTypography'. Try correcting the name to one that is defined, or defining the name. - undefined_identifier
  error - lib\features\pending\views\widgets\pending_screenshot_tile.dart:4:8 - Target of URI doesn't exist: '../../../domain/entities/screenshot_entity.dart'. Try creating the file referenced by the URI, or try using a URI for a file that does exist. - uri_does_not_exist
  error - lib\features\pending\views\widgets\pending_screenshot_tile.dart:5:8 - Target of URI doesn't exist: '../../../app/theme/app_colors.dart'. Try creating the file referenced by the URI, or try using a URI for a file that does exist. - uri_does_not_exist
  error - lib\features\pending\views\widgets\pending_screenshot_tile.dart:6:8 - Target of URI doesn't exist: '../../../app/theme/app_dimensions.dart'. Try creating the file referenced by the URI, or try using a URI for a file that does exist. - uri_does_not_exist
  error - lib\features\pending\views\widgets\pending_screenshot_tile.dart:7:8 - Target of URI doesn't exist: '../../../core/utils/date_formatter.dart'. Try creating the file referenced by the URI, or try using a URI for a file that does exist. - uri_does_not_exist
  error - lib\features\pending\views\widgets\pending_screenshot_tile.dart:12:9 - Undefined class 'ScreenshotEntity'. Try changing the name to the name of an existing class, or creating a class with the name 'ScreenshotEntity'. - undefined_class
  error - lib\features\pending\views\widgets\pending_screenshot_tile.dart:32:30 - Undefined name 'AppColors'. Try correcting the name to one that is defined, or defining the name. - undefined_identifier
  error - lib\features\pending\views\widgets\pending_screenshot_tile.dart:36:49 - Undefined name 'AppDimensions'. Try correcting the name to one that is defined, or defining the name. - undefined_identifier
  error - lib\features\pending\views\widgets\pending_screenshot_tile.dart:45:30 - Undefined name 'AppColors'. Try correcting the name to one that is defined, or defining the name. - undefined_identifier
  error - lib\features\pending\views\widgets\pending_screenshot_tile.dart:49:49 - Undefined name 'AppDimensions'. Try correcting the name to one that is defined, or defining the name. - undefined_identifier
  error - lib\features\pending\views\widgets\pending_screenshot_tile.dart:55:45 - Undefined name 'AppDimensions'. Try correcting the name to one that is defined, or defining the name. - undefined_identifier
  error - lib\features\pending\views\widgets\pending_screenshot_tile.dart:57:47 - Undefined name 'AppDimensions'. Try correcting the name to one that is defined, or defining the name. - undefined_identifier
  error - lib\features\pending\views\widgets\pending_screenshot_tile.dart:81:55 - Undefined name 'AppDimensions'. Try correcting the name to one that is defined, or defining the name. - undefined_identifier
  error - lib\features\pending\views\widgets\pending_screenshot_tile.dart:105:25 - Undefined name 'DateFormatter'. Try correcting the name to one that is defined, or defining the name. - undefined_identifier
  error - lib\features\settings\views\widgets\settings_tile.dart:32:70 - The getter 'side' isn't defined for the type 'ShapeBorder'. Try importing the library that defines 'side', correcting the name to the name of an existing getter, or defining a getter or field named 'side'. - undefined_getter
  error - test\widget_test.dart:16:35 - The name 'MyApp' isn't a class. Try correcting the name to match an existing class. - creation_with_non_type
warning - lib\app\theme\app_theme.dart:2:8 - Unused import: 'package:google_fonts/google_fonts.dart'. Try removing the import directive. - unused_import
warning - lib\data\repositories\screenshot_repository.dart:2:8 - Unused import: 'package:drift/drift.dart'. Try removing the import directive. - unused_import
warning - lib\data\repositories\screenshot_repository.dart:6:8 - Unused import: '../local/models/screenshot_model.dart'. Try removing the import directive. - unused_import
warning - lib\features\onboarding\bindings\onboarding_binding.dart:3:8 - Unused import: '../../../core/services/storage_service.dart'. Try removing the import directive. - unused_import
warning - lib\features\onboarding\views\onboarding_screen.dart:8:8 - Unused import: 'package:gap/gap.dart'. Try removing the import directive. - unused_import
warning - lib\features\pending\views\pending_screen.dart:5:8 - Unused import: '../../../app/theme/app_typography.dart'. Try removing the import directive. - unused_import
warning - lib\features\settings\bindings\settings_binding.dart:3:8 - Unused import: '../../../core/services/storage_service.dart'. Try removing the import directive. - unused_import
warning - lib\features\settings\views\widgets\settings_tile.dart:5:8 - Unused import: 'package:gap/gap.dart'. Try removing the import directive. - unused_import
   info - lib\app\routes\app_routes.dart:2:16 - The constant name 'ONBOARDING' isn't a lowerCamelCase identifier. Try changing the name to follow the lowerCamelCase style. - constant_identifier_names
   info - lib\app\routes\app_routes.dart:3:16 - The constant name 'HOME' isn't a lowerCamelCase identifier. Try changing the name to follow the lowerCamelCase style. - constant_identifier_names
   info - lib\app\routes\app_routes.dart:4:16 - The constant name 'PENDING' isn't a lowerCamelCase identifier. Try changing the name to follow the lowerCamelCase style. - constant_identifier_names
   info - lib\app\routes\app_routes.dart:5:16 - The constant name 'GALLERY' isn't a lowerCamelCase identifier. Try changing the name to follow the lowerCamelCase style. - constant_identifier_names
   info - lib\app\routes\app_routes.dart:6:16 - The constant name 'ANALYTICS' isn't a lowerCamelCase identifier. Try changing the name to follow the lowerCamelCase style. - constant_identifier_names
   info - lib\app\routes\app_routes.dart:7:16 - The constant name 'SETTINGS' isn't a lowerCamelCase identifier. Try changing the name to follow the lowerCamelCase style. - constant_identifier_names
   info - lib\app\theme\app_theme.dart:17:9 - 'background' is deprecated and shouldn't be used. Use surface instead. This feature was deprecated after v3.18.0-0.1.pre. Try replacing the use of the deprecated member with the replacement. - deprecated_member_use
   info - lib\app\theme\app_theme.dart:22:9 - 'onBackground' is deprecated and shouldn't be used. Use onSurface instead. This feature was deprecated after v3.18.0-0.1.pre. Try replacing the use of the deprecated member with the replacement. - deprecated_member_use
   info - lib\app\theme\app_theme.dart:69:9 - 'background' is deprecated and shouldn't be used. Use surface instead. This feature was deprecated after v3.18.0-0.1.pre. Try replacing the use of the deprecated member with the replacement. - deprecated_member_use
   info - lib\app\theme\app_theme.dart:74:9 - 'onBackground' is deprecated and shouldn't be used. Use onSurface instead. This feature was deprecated after v3.18.0-0.1.pre. Try replacing the use of the deprecated member with the replacement. - deprecated_member_use
   info - lib\data\local\database\app_database.dart:5:8 - The imported package 'path' isn't a dependency of the importing package. Try adding a dependency for 'path' in the 'pubspec.yaml' file. - depend_on_referenced_packages
   info - lib\features\analytics\views\analytics_screen.dart:78:48 - 'withOpacity' is deprecated and shouldn't be used. Use .withValues() to avoid precision loss. Try replacing the use of the deprecated member with the replacement. - deprecated_member_use
   info - lib\features\analytics\views\analytics_screen.dart:80:67 - 'withOpacity' is deprecated and shouldn't be used. Use .withValues() to avoid precision loss. Try replacing the use of the deprecated member with the replacement. - deprecated_member_use
   info - lib\features\gallery\views\widgets\screenshot_grid_item.dart:38:30 - Unnecessary use of multiple underscores. Try using '_'. - unnecessary_underscores
   info - lib\features\home\views\home_screen.dart:59:48 - Unnecessary use of multiple underscores. Try using '_'. - unnecessary_underscores
   info - lib\features\home\views\widgets\screenshot_card.dart:75:37 - Unnecessary use of multiple underscores. Try using '_'. - unnecessary_underscores
   info - lib\features\home\views\widgets\screenshot_card.dart:75:41 - Unnecessary use of multiple underscores. Try using '_'. - unnecessary_underscores
   info - lib\features\pending\views\widgets\decision_bottom_sheet.dart:45:35 - Unnecessary use of multiple underscores. Try using '_'. - unnecessary_underscores
   info - lib\features\pending\views\widgets\decision_bottom_sheet.dart:45:39 - Unnecessary use of multiple underscores. Try using '_'. - unnecessary_underscores
   info - lib\features\pending\views\widgets\pending_screenshot_tile.dart:87:39 - Unnecessary use of multiple underscores. Try using '_'. - unnecessary_underscores
   info - lib\features\pending\views\widgets\pending_screenshot_tile.dart:87:43 - Unnecessary use of multiple underscores. Try using '_'. - unnecessary_underscores
   info - lib\features\settings\views\settings_screen.dart:29:21 - 'activeColor' is deprecated and shouldn't be used. Use activeThumbColor instead. This feature was deprecated after v3.31.0-2.0.pre. Try replacing the use of the deprecated member with the replacement. - deprecated_member_use
   info - lib\features\settings\views\settings_screen.dart:55:21 - 'activeColor' is deprecated and shouldn't be used. Use activeThumbColor instead. This feature was deprecated after v3.31.0-2.0.pre. Try replacing the use of the deprecated member with the replacement. - deprecated_member_use
   info - lib\features\settings\views\settings_screen.dart:66:21 - 'activeColor' is deprecated and shouldn't be used. Use activeThumbColor instead. This feature was deprecated after v3.31.0-2.0.pre. Try replacing the use of the deprecated member with the replacement. - deprecated_member_use
   info - lib\features\settings\views\widgets\settings_tile.dart:41:57 - 'withOpacity' is deprecated and shouldn't be used. Use .withValues() to avoid precision loss. Try replacing the use of the deprecated member with the replacement. - deprecated_member_use
   info - lib\features\settings\views\widgets\timer_picker_widget.dart:28:11 - 'groupValue' is deprecated and shouldn't be used. Use a RadioGroup ancestor to manage group value instead. This feature was deprecated after v3.32.0-0.0.pre. Try replacing the use of the deprecated member with the replacement. - deprecated_member_use
   info - lib\features\settings\views\widgets\timer_picker_widget.dart:29:11 - 'onChanged' is deprecated and shouldn't be used. Use RadioGroup to handle value change instead. This feature was deprecated after v3.32.0-0.0.pre. Try replacing the use of the deprecated member with the replacement. - deprecated_member_use
   info - lib\shared\widgets\bottom_nav_bar.dart:55:33 - 'withOpacity' is deprecated and shouldn't be used. Use .withValues() to avoid precision loss. Try replacing the use of the deprecated member with the replacement. - deprecated_member_use
   info - lib\shared\widgets\bottom_nav_bar.dart:56:34 - 'withOpacity' is deprecated and shouldn't be used. Use .withValues() to avoid precision loss. Try replacing the use of the deprecated member with the replacement. - deprecated_member_use
   info - lib\shared\widgets\bottom_nav_bar.dart:65:35 - 'withOpacity' is deprecated and shouldn't be used. Use .withValues() to avoid precision loss. Try replacing the use of the deprecated member with the replacement. - deprecated_member_use

94 issues found.
